// Jest Snapshot v1, https://goo.gl/fbAQLP

exports[`Test component ButtonCart should do be 0 1`] = `
<a
  className="ButtonCart__ButtonCartWrap-s791b89-1 kLeUox"
  onClick={[Function]}
>
  <i
    className="ion-ios-cart-outline"
  />
  <span
    className="badge undefined ButtonCart__Badge-s791b89-0 jeUckr"
  >
    0
  </span>
</a>
`;

exports[`Test component ButtonCart should do be 5 1`] = `
<a
  className="ButtonCart__ButtonCartWrap-s791b89-1 kLeUox"
  onClick={[Function]}
>
  <i
    className="ion-ios-cart-outline"
  />
  <span
    className="badge undefined ButtonCart__Badge-s791b89-0 jeUckr"
  >
    5
  </span>
</a>
`;
