// Jest Snapshot v1, https://goo.gl/fbAQLP

exports[`Component <TitleSection /> <TitleSection /> 1`] = `
<div
  className={undefined}
>
  <h1>
    Titulo da Section
  </h1>
</div>
`;
